// Jest Snapshot v1, https://goo.gl/fbAQLP

exports[`PostForm should render correctly 1`] = `
<div>
  <Header />
  <div
    className="post-form__container"
  >
    <form
      onSubmit={[Function]}
    >
      <label
        className="post-form__label"
        htmlFor="title"
      >
        Title
      </label>
      <input
        className="post-form__input"
        name="title"
        placeholder="Enter the title"
        type="text"
      />
      <label
        className="post-form__label"
        htmlFor="content"
      >
        Content
      </label>
      <textarea
        className="post-form__textarea"
        name="content"
        placeholder="Enter the content"
      />
      <input
        className="post-form__submit"
        type="submit"
        value="Add"
      />
    </form>
  </div>
  <Footer />
</div>
`;
